\BOOKMARK [0][-]{chapter*.2}{\376\377\000I\000n\000t\000r\000o\000d\000u\000c\000t\000i\000o\000n}{}% 1
\BOOKMARK [0][-]{chapter.1}{\376\377\000A\000r\000c\000h\000i\000t\000e\000c\000t\000u\000r\000e\000\040\000T\000e\000c\000h\000n\000i\000q\000u\000e}{}% 2
\BOOKMARK [1][-]{section.1.1}{\376\377\000V\000u\000e\000\040\000d\000'\000e\000n\000s\000e\000m\000b\000l\000e}{chapter.1}% 3
\BOOKMARK [1][-]{section.1.2}{\376\377\000A\000r\000b\000o\000r\000e\000s\000c\000e\000n\000c\000e\000\040\000d\000u\000\040\000p\000r\000o\000j\000e\000t}{chapter.1}% 4
\BOOKMARK [1][-]{section.1.3}{\376\377\000F\000l\000u\000x\000\040\000d\000e\000\040\000c\000o\000m\000m\000u\000n\000i\000c\000a\000t\000i\000o\000n}{chapter.1}% 5
\BOOKMARK [0][-]{chapter.2}{\376\377\000I\000n\000s\000t\000a\000l\000l\000a\000t\000i\000o\000n\000\040\000e\000t\000\040\000D\000\351\000p\000l\000o\000i\000e\000m\000e\000n\000t}{}% 6
\BOOKMARK [1][-]{section.2.1}{\376\377\000P\000r\000\351\000r\000e\000q\000u\000i\000s}{chapter.2}% 7
\BOOKMARK [1][-]{section.2.2}{\376\377\000I\000n\000s\000t\000a\000l\000l\000a\000t\000i\000o\000n\000\040\000i\000n\000i\000t\000i\000a\000l\000e}{chapter.2}% 8
\BOOKMARK [2][-]{subsection.2.2.1}{\376\377\000B\000a\000c\000k\000e\000n\000d\000\040\000\050\000L\000a\000r\000a\000v\000e\000l\000\051}{section.2.2}% 9
\BOOKMARK [2][-]{subsection.2.2.2}{\376\377\000F\000r\000o\000n\000t\000e\000n\000d\000\040\000\050\000R\000e\000a\000c\000t\000\040\000/\000\040\000N\000e\000x\000t\000.\000j\000s\000\051}{section.2.2}% 10
\BOOKMARK [1][-]{section.2.3}{\376\377\000C\000o\000n\000f\000i\000g\000u\000r\000a\000t\000i\000o\000n\000\040\000d\000u\000\040\000f\000i\000c\000h\000i\000e\000r\000\040\000.\000e\000n\000v}{chapter.2}% 11
\BOOKMARK [0][-]{chapter.3}{\376\377\000B\000a\000s\000e\000\040\000d\000e\000\040\000D\000o\000n\000n\000\351\000e\000s}{}% 12
\BOOKMARK [1][-]{section.3.1}{\376\377\000C\000o\000n\000n\000e\000x\000i\000o\000n\000\040\000e\000t\000\040\000i\000n\000f\000o\000r\000m\000a\000t\000i\000o\000n\000s\000\040\000g\000\351\000n\000\351\000r\000a\000l\000e\000s}{chapter.3}% 13
\BOOKMARK [1][-]{section.3.2}{\376\377\000T\000a\000b\000l\000e\000s\000\040\000p\000r\000i\000n\000c\000i\000p\000a\000l\000e\000s}{chapter.3}% 14
\BOOKMARK [1][-]{section.3.3}{\376\377\000S\000a\000u\000v\000e\000g\000a\000r\000d\000e\000s\000\040\000d\000e\000\040\000l\000a\000\040\000b\000a\000s\000e\000\040\000d\000e\000\040\000d\000o\000n\000n\000\351\000e\000s}{chapter.3}% 15
\BOOKMARK [2][-]{subsection.3.3.1}{\376\377\000S\000a\000u\000v\000e\000g\000a\000r\000d\000e\000\040\000m\000a\000n\000u\000e\000l\000l\000e}{section.3.3}% 16
\BOOKMARK [2][-]{subsection.3.3.2}{\376\377\000S\000a\000u\000v\000e\000g\000a\000r\000d\000e\000\040\000a\000u\000t\000o\000m\000a\000t\000i\000q\000u\000e\000\040\000\050\000c\000r\000o\000n\000\051}{section.3.3}% 17
\BOOKMARK [0][-]{chapter.4}{\376\377\000A\000P\000I\000\040\000B\000a\000c\000k\000e\000n\000d}{}% 18
\BOOKMARK [1][-]{section.4.1}{\376\377\000S\000t\000r\000u\000c\000t\000u\000r\000e\000\040\000d\000e\000s\000\040\000r\000o\000u\000t\000e\000s}{chapter.4}% 19
\BOOKMARK [1][-]{section.4.2}{\376\377\000C\000o\000n\000t\000r\000\364\000l\000e\000u\000r\000s\000\040\000\050\000C\000o\000n\000t\000r\000o\000l\000l\000e\000r\000s\000\051}{chapter.4}% 20
\BOOKMARK [0][-]{chapter.5}{\376\377\000G\000e\000s\000t\000i\000o\000n\000\040\000d\000e\000s\000\040\000P\000r\000o\000c\000e\000s\000s\000u\000s\000\040\000e\000t\000\040\000P\000e\000r\000f\000o\000r\000m\000a\000n\000c\000e\000s}{}% 21
\BOOKMARK [1][-]{section.5.1}{\376\377\000D\000\351\000m\000a\000r\000r\000a\000g\000e\000\040\000d\000e\000s\000\040\000s\000e\000r\000v\000e\000u\000r\000s}{chapter.5}% 22
\BOOKMARK [1][-]{section.5.2}{\376\377\000P\000r\000o\000b\000l\000\350\000m\000e\000\040\000d\000e\000\040\000s\000u\000r\000c\000h\000a\000r\000g\000e\000\040\000C\000P\000U}{chapter.5}% 23
\BOOKMARK [1][-]{section.5.3}{\376\377\000V\000\351\000r\000i\000f\000i\000c\000a\000t\000i\000o\000n\000\040\000d\000e\000\040\000l\000'\000\351\000t\000a\000t\000\040\000d\000e\000s\000\040\000s\000e\000r\000v\000i\000c\000e\000s}{chapter.5}% 24
\BOOKMARK [0][-]{chapter.6}{\376\377\000S\000\351\000c\000u\000r\000i\000t\000\351}{}% 25
\BOOKMARK [1][-]{section.6.1}{\376\377\000A\000u\000t\000h\000e\000n\000t\000i\000f\000i\000c\000a\000t\000i\000o\000n}{chapter.6}% 26
\BOOKMARK [1][-]{section.6.2}{\376\377\000G\000e\000s\000t\000i\000o\000n\000\040\000d\000e\000s\000\040\000r\000\364\000l\000e\000s}{chapter.6}% 27
\BOOKMARK [1][-]{section.6.3}{\376\377\000R\000e\000c\000o\000m\000m\000a\000n\000d\000a\000t\000i\000o\000n\000s\000\040\000d\000e\000\040\000s\000\351\000c\000u\000r\000i\000t\000\351}{chapter.6}% 28
\BOOKMARK [0][-]{chapter.7}{\376\377\000P\000r\000o\000c\000\351\000d\000u\000r\000e\000s\000\040\000d\000e\000\040\000M\000a\000i\000n\000t\000e\000n\000a\000n\000c\000e\000\040\000C\000o\000u\000r\000a\000n\000t\000e}{}% 29
\BOOKMARK [1][-]{section.7.1}{\376\377\000M\000i\000s\000e\000\040\000\340\000\040\000j\000o\000u\000r\000\040\000d\000e\000s\000\040\000d\000\351\000p\000e\000n\000d\000a\000n\000c\000e\000s}{chapter.7}% 30
\BOOKMARK [2][-]{subsection.7.1.1}{\376\377\000B\000a\000c\000k\000e\000n\000d\000\040\000\050\000P\000H\000P\000/\000L\000a\000r\000a\000v\000e\000l\000\051}{section.7.1}% 31
\BOOKMARK [2][-]{subsection.7.1.2}{\376\377\000F\000r\000o\000n\000t\000e\000n\000d\000\040\000\050\000N\000o\000d\000e\000.\000j\000s\000\051}{section.7.1}% 32
\BOOKMARK [1][-]{section.7.2}{\376\377\000R\000\351\000i\000n\000i\000t\000i\000a\000l\000i\000s\000a\000t\000i\000o\000n\000\040\000d\000u\000\040\000m\000o\000t\000\040\000d\000e\000\040\000p\000a\000s\000s\000e\000\040\000d\000'\000u\000n\000\040\000u\000t\000i\000l\000i\000s\000a\000t\000e\000u\000r}{chapter.7}% 33
\BOOKMARK [1][-]{section.7.3}{\376\377\000A\000j\000o\000u\000t\000\040\000d\000'\000u\000n\000\040\000n\000o\000u\000v\000e\000l\000\040\000e\000n\000s\000e\000i\000g\000n\000a\000n\000t\000\040\000o\000u\000\040\000p\000a\000r\000e\000n\000t}{chapter.7}% 34
\BOOKMARK [1][-]{section.7.4}{\376\377\000G\000e\000s\000t\000i\000o\000n\000\040\000d\000e\000s\000\040\000l\000o\000g\000s\000\040\000L\000a\000r\000a\000v\000e\000l}{chapter.7}% 35
\BOOKMARK [0][-]{chapter.8}{\376\377\000R\000\351\000s\000o\000l\000u\000t\000i\000o\000n\000\040\000d\000e\000\040\000P\000r\000o\000b\000l\000\350\000m\000e\000s\000\040\000F\000r\000\351\000q\000u\000e\000n\000t\000s}{}% 36
\BOOKMARK [1][-]{section.8.1}{\376\377\000L\000o\000g\000s\000\040\000e\000t\000\040\000d\000\351\000b\000o\000g\000a\000g\000e}{chapter.8}% 37
\BOOKMARK [0][-]{chapter.9}{\376\377\000C\000o\000n\000t\000a\000c\000t\000s\000\040\000e\000t\000\040\000R\000e\000s\000p\000o\000n\000s\000a\000b\000i\000l\000i\000t\000\351\000s}{}% 38
